// Jest Snapshot v1, https://goo.gl/fbAQLP

exports[`should match snapshot 1`] = `
<div
  class="loading-container"
>
  <div
    class="spinner"
  />
  <h1>
    loading
  </h1>
</div>
`;
